// Jest Snapshot v1, https://goo.gl/fbAQLP

exports[`<EventsList /> renders correctly the list 1`] = `
ShallowWrapper {
  Symbol(enzyme.__root__): [Circular],
  Symbol(enzyme.__unrendered__): <EventsList
    events={
      Array [
        Object {
          "city": "Krakow",
          "country": "Poland",
          "date": "2018-12-30T19:00:48",
          "id": "my.id",
          "lat": 0,
          "long": 0,
          "venue": "Tauron Arena",
        },
      ]
    }
  />,
  Symbol(enzyme.__renderer__): Object {
    "batchedUpdates": [Function],
    "getNode": [Function],
    "render": [Function],
    "simulateError": [Function],
    "simulateEvent": [Function],
    "unmount": [Function],
  },
  Symbol(enzyme.__node__): Object {
    "instance": null,
    "key": undefined,
    "nodeType": "host",
    "props": Object {
      "children": Array [
        <ArtistEvent
          event={
            Object {
              "city": "Krakow",
              "country": "Poland",
              "date": "2018-12-30T19:00:48",
              "id": "my.id",
              "lat": 0,
              "long": 0,
              "venue": "Tauron Arena",
            }
          }
          onToggle={[Function]}
          opened={false}
        />,
      ],
      "className": "eventsList",
    },
    "ref": null,
    "rendered": Array [
      Object {
        "instance": null,
        "key": "my.id",
        "nodeType": "function",
        "props": Object {
          "event": Object {
            "city": "Krakow",
            "country": "Poland",
            "date": "2018-12-30T19:00:48",
            "id": "my.id",
            "lat": 0,
            "long": 0,
            "venue": "Tauron Arena",
          },
          "onToggle": [Function],
          "opened": false,
        },
        "ref": null,
        "rendered": null,
        "type": [Function],
      },
    ],
    "type": "div",
  },
  Symbol(enzyme.__nodes__): Array [
    Object {
      "instance": null,
      "key": undefined,
      "nodeType": "host",
      "props": Object {
        "children": Array [
          <ArtistEvent
            event={
              Object {
                "city": "Krakow",
                "country": "Poland",
                "date": "2018-12-30T19:00:48",
                "id": "my.id",
                "lat": 0,
                "long": 0,
                "venue": "Tauron Arena",
              }
            }
            onToggle={[Function]}
            opened={false}
          />,
        ],
        "className": "eventsList",
      },
      "ref": null,
      "rendered": Array [
        Object {
          "instance": null,
          "key": "my.id",
          "nodeType": "function",
          "props": Object {
            "event": Object {
              "city": "Krakow",
              "country": "Poland",
              "date": "2018-12-30T19:00:48",
              "id": "my.id",
              "lat": 0,
              "long": 0,
              "venue": "Tauron Arena",
            },
            "onToggle": [Function],
            "opened": false,
          },
          "ref": null,
          "rendered": null,
          "type": [Function],
        },
      ],
      "type": "div",
    },
  ],
  Symbol(enzyme.__options__): Object {
    "adapter": ReactSixteenAdapter {
      "options": Object {
        "enableComponentDidUpdateOnSetState": true,
        "lifecycles": Object {
          "componentDidUpdate": Object {
            "onSetState": true,
          },
          "getDerivedStateFromProps": true,
          "getSnapshotBeforeUpdate": true,
          "setState": Object {
            "skipsComponentDidUpdateOnNullish": true,
          },
        },
      },
    },
  },
}
`;
